[2026-09-21 14:56:43] [INFO] - Computername has been fetched
[2026-09-21 14:56:43] [INFO] - Current User has been fetched
[2026-09-21 14:56:54] [ERROR] - Error while creating User:'teset': Zugriff verweigert

[2026-09-21 14:56:54] [INFO] - Enabled Classic Contextmenu
[2026-09-21 14:56:54] [INFO] - Explorer-Process has been stopped - waiting for restart...
[2026-09-21 14:56:55] [INFO] - Explorer has been auto restarted
[2026-09-21 14:56:55] [INFO] - Enabled File Extensions
[2026-09-21 14:58:16] [INFO] - Computername has been fetched
[2026-09-21 14:58:16] [INFO] - Current User has been fetched
[2026-09-21 14:58:39] [ERROR] - Error while creating User:'test': Zugriff verweigert

[2026-09-21 14:58:39] [INFO] - Enabled Classic Contextmenu
[2026-09-21 14:58:39] [INFO] - Explorer-Process has been stopped - waiting for restart...
[2026-09-21 14:58:39] [INFO] - Explorer has been auto restarted
[2026-09-21 14:58:40] [INFO] - Enabled File Extensions
[2026-09-21 15:02:07] [INFO] - Computername has been fetched
[2026-09-21 15:02:07] [INFO] - Current User has been fetched
[2026-09-21 15:02:16] [ERROR] - Error while creating User:'test': Zugriff verweigert

[2026-09-21 15:02:16] [INFO] - Enabled Classic Contextmenu
[2026-09-21 15:02:16] [INFO] - Explorer-Process has been stopped - waiting for restart...
[2026-09-21 15:02:17] [INFO] - Explorer has been auto restarted
[2026-09-21 15:02:17] [INFO] - Enabled File Extensions
[2026-09-21 15:02:42] [INFO] - Enabled Classic Contextmenu
[2026-09-21 15:02:42] [INFO] - Explorer-Process has been stopped - waiting for restart...
[2026-09-21 15:02:42] [INFO] - Explorer has been auto restarted
[2026-09-21 15:02:43] [INFO] - Enabled File Extensions
[2026-09-21 15:02:57] [INFO] - Computername has been fetched
[2026-09-21 15:02:57] [INFO] - Current User has been fetched
[2026-09-21 15:03:03] [INFO] - Enabled Classic Contextmenu
[2026-09-21 15:03:03] [INFO] - Explorer-Process has been stopped - waiting for restart...
[2026-09-21 15:03:03] [INFO] - Explorer has been auto restarted
[2026-09-21 15:03:03] [INFO] - Enabled File Extensions
[2026-09-21 15:04:18] [ERROR] - Error while creating User:'weg<h<segh': Zugriff verweigert

[2026-09-21 15:04:18] [INFO] - Enabled Classic Contextmenu
[2026-09-21 15:04:18] [INFO] - Explorer-Process has been stopped - waiting for restart...
[2026-09-21 15:04:19] [INFO] - Explorer has been auto restarted
[2026-09-21 15:04:19] [INFO] - Enabled File Extensions
[2026-09-21 15:33:27] [INFO] - Computername has been fetched
[2026-09-21 15:33:27] [INFO] - Current User has been fetched
[2026-09-21 15:33:37] [ERROR] - Error while creating User:'': Value cannot be null. (Parameter 'value')
[2026-09-21 15:33:37] [INFO] - Enabled Classic Contextmenu
[2026-09-21 15:33:37] [INFO] - Explorer-Process has been stopped - waiting for restart...
[2026-09-21 15:33:38] [INFO] - Explorer has been auto restarted
[2026-09-21 15:33:38] [INFO] - Enabled File Extensions
[2026-09-21 15:35:22] [ERROR] - Error while creating User:'': Value cannot be null. (Parameter 'value')
[2026-09-21 15:35:22] [INFO] - Enabled Classic Contextmenu
[2026-09-21 15:35:22] [INFO] - Explorer-Process has been stopped - waiting for restart...
[2026-09-21 15:35:23] [INFO] - Explorer has been auto restarted
[2026-09-21 15:35:23] [INFO] - Enabled File Extensions
[2026-09-21 15:36:01] [INFO] - Computername has been fetched
[2026-09-21 15:36:01] [INFO] - Current User has been fetched
[2026-09-21 15:45:23] [ERROR] - Error while creating User:'': Value cannot be null. (Parameter 'value')
[2026-09-21 15:45:23] [INFO] - Enabled Classic Contextmenu
[2026-09-21 15:45:23] [INFO] - Explorer-Process has been stopped - waiting for restart...
[2026-09-21 15:45:23] [INFO] - Explorer has been auto restarted
[2026-09-21 15:45:24] [INFO] - Enabled File Extensions
[2026-09-21 15:45:32] [ERROR] - Error while creating User:'': Value cannot be null. (Parameter 'value')
[2026-09-21 15:45:32] [INFO] - Enabled Classic Contextmenu
[2026-09-21 15:45:32] [INFO] - Explorer-Process has been stopped - waiting for restart...
[2026-09-21 15:45:33] [INFO] - Explorer has been auto restarted
[2026-09-21 15:45:33] [INFO] - Enabled File Extensions
[2026-09-21 15:45:40] [ERROR] - Error while creating User:'': Value cannot be null. (Parameter 'value')
[2026-09-21 15:45:41] [INFO] - Enabled Classic Contextmenu
[2026-09-21 15:45:41] [INFO] - Explorer-Process has been stopped - waiting for restart...
[2026-09-21 15:45:41] [INFO] - Explorer has been auto restarted
[2026-09-21 15:45:41] [INFO] - Enabled File Extensions
[2026-09-21 15:45:50] [ERROR] - Error while creating User:'': Value cannot be null. (Parameter 'value')
[2026-09-21 15:45:50] [INFO] - Enabled Classic Contextmenu
[2026-09-21 15:45:50] [INFO] - Explorer-Process has been stopped - waiting for restart...
[2026-09-21 15:45:51] [INFO] - Explorer has been auto restarted
[2026-09-21 15:45:51] [INFO] - Enabled File Extensions
[2026-09-21 16:01:23] [INFO] - Computername has been fetched
[2026-09-21 16:01:23] [INFO] - Current User has been fetched
[2026-09-21 16:05:45] [ERROR] - Error while creating User:'': Value cannot be null. (Parameter 'value')
[2026-09-21 16:05:46] [INFO] - Enabled Classic Contextmenu
[2026-09-21 16:05:46] [INFO] - Explorer-Process has been stopped - waiting for restart...
[2026-09-21 16:05:46] [INFO] - Explorer has been auto restarted
[2026-09-21 16:05:46] [INFO] - Enabled File Extensions
[2026-09-21 16:06:08] [ERROR] - Error while creating User:'': Value cannot be null. (Parameter 'value')
[2026-09-21 16:06:09] [INFO] - Enabled Classic Contextmenu
[2026-09-21 16:06:09] [INFO] - Explorer-Process has been stopped - waiting for restart...
[2026-09-21 16:06:09] [INFO] - Explorer has been auto restarted
[2026-09-21 16:06:09] [INFO] - Enabled File Extensions
[2026-09-21 16:08:54] [INFO] - Computername has been fetched
[2026-09-21 16:08:54] [INFO] - Current User has been fetched
[2026-09-21 16:09:01] [ERROR] - Error while creating User:'': Value cannot be null. (Parameter 'value')
[2026-09-21 16:09:01] [INFO] - Enabled Classic Contextmenu
[2026-09-21 16:09:01] [INFO] - Explorer-Process has been stopped - waiting for restart...
[2026-09-21 16:09:02] [INFO] - Explorer has been auto restarted
[2026-09-21 16:09:02] [INFO] - Enabled File Extensions
[2026-09-21 16:09:11] [ERROR] - Error while creating User:'': Value cannot be null. (Parameter 'value')
[2026-09-21 16:09:17] [ERROR] - Error while creating User:'': Value cannot be null. (Parameter 'value')
[2026-09-21 16:09:17] [INFO] - Enabled Classic Contextmenu
[2026-09-21 16:09:17] [INFO] - Explorer-Process has been stopped - waiting for restart...
[2026-09-21 16:09:17] [INFO] - Explorer has been auto restarted
[2026-09-21 16:09:18] [INFO] - Enabled File Extensions
[2026-09-21 16:09:26] [ERROR] - Error while creating User:'': Value cannot be null. (Parameter 'value')
[2026-09-21 16:09:30] [ERROR] - Error while creating User:'': Value cannot be null. (Parameter 'value')
[2026-09-21 16:09:33] [ERROR] - Error while creating User:'': Value cannot be null. (Parameter 'value')
[2026-09-21 16:09:35] [ERROR] - Error while creating User:'': Value cannot be null. (Parameter 'value')
[2026-09-21 16:09:48] [ERROR] - Error while creating User:'': Value cannot be null. (Parameter 'value')
[2026-09-21 16:40:44] [INFO] - Computername has been fetched
[2026-09-21 16:40:44] [INFO] - Current User has been fetched
[2026-09-21 16:41:36] [ERROR] - Error while creating User:'Test-User': Das Kennwort entspricht nicht den Anforderungen der Kennwortrichtlinien. Überprüfen Sie die Kennwortlänge, die Komplexität des Kennworts und die Anforderungen bezüglich früherer Kennwörter.

[2026-09-21 16:59:36] [INFO] - Computername has been fetched
[2026-09-21 16:59:36] [INFO] - Current User has been fetched
[2026-09-21 16:59:56] [ERROR] - Error while creating User:'': Value cannot be null. (Parameter 'value')
[2026-09-21 17:00:04] [ERROR] - Error while creating User:'': Value cannot be null. (Parameter 'value')
